#-----------------------------------------------------------
# Vivado v2024.2 (64-bit)
# SW Build 5239630 on Fri Nov 08 22:35:27 MST 2024
# IP Build 5239520 on Sun Nov 10 16:12:51 MST 2024
# SharedData Build 5239561 on Fri Nov 08 14:39:27 MST 2024
# Start of session at: Sun May 11 17:38:14 2025
# Process ID         : 22740
# Current directory  : C:/Users/Lenovo/Desktop/Frodo/prj/Frodo_top
# Command line       : vivado.exe -gui_launcher_event rodinguilauncherevent21192 C:\Users\Lenovo\Desktop\Frodo\prj\Frodo_top\Frodo_top.xpr
# Log file           : C:/Users/Lenovo/Desktop/Frodo/prj/Frodo_top/vivado.log
# Journal file       : C:/Users/Lenovo/Desktop/Frodo/prj/Frodo_top\vivado.jou
# Running On         : DESKTOP-HI4D3F5
# Platform           : Windows Server 2016 or Windows 10
# Operating System   : 26100
# Processor Detail   : AMD Ryzen 7 5800H with Radeon Graphics         
# CPU Frequency      : 3194 MHz
# CPU Physical cores : 8
# CPU Logical cores  : 16
# Host memory        : 14894 MB
# Swap memory        : 26843 MB
# Total Virtual      : 41737 MB
# Available Virtual  : 33155 MB
#-----------------------------------------------------------
start_gui
open_project C:/Users/Lenovo/Desktop/Frodo/prj/Frodo_top/Frodo_top.xpr
update_compile_order -fileset sources_1
add_files -norecurse C:/Users/Lenovo/Desktop/Frodo/rtl/Macs/Macs.v
update_compile_order -fileset sources_1
launch_simulation
